
> frontend@0.0.0 build
> tsc -b && vite build

vite v8.0.10 building client environment for production...
[2Ktransforming...✓ 2264 modules transformed.
✗ Build failed in 241ms
error during build:
Build failed with 1 error:

[plugin vite:css] /Users/otzua/CODE/REIATSU/frontend/src/pages/ArtistDetails.module.css:492:2
CssSyntaxError: [postcss] /Users/otzua/CODE/REIATSU/frontend/src/pages/ArtistDetails.module.css:492:3: Unexpected }
    at Input.error (/Users/otzua/CODE/REIATSU/frontend/node_modules/postcss/lib/input.js:135:16)
    at Parser.unexpectedClose (/Users/otzua/CODE/REIATSU/frontend/node_modules/postcss/lib/parser.js:587:22)
    at Parser.end (/Users/otzua/CODE/REIATSU/frontend/node_modules/postcss/lib/parser.js:330:12)
    at Parser.parse (/Users/otzua/CODE/REIATSU/frontend/node_modules/postcss/lib/parser.js:456:16)
    at parse (/Users/otzua/CODE/REIATSU/frontend/node_modules/postcss/lib/parse.js:11:12)
    at new LazyResult (/Users/otzua/CODE/REIATSU/frontend/node_modules/postcss/lib/lazy-result.js:165:16)
    at Processor.process (/Users/otzua/CODE/REIATSU/frontend/node_modules/postcss/lib/processor.js:53:14)
    at runPostCSS (file:///Users/otzua/CODE/REIATSU/frontend/node_modules/vite/dist/node/chunks/node.js:21046:66)
    at async compilePostCSS (file:///Users/otzua/CODE/REIATSU/frontend/node_modules/vite/dist/node/chunks/node.js:21030:6)
    at async compileCSS (file:///Users/otzua/CODE/REIATSU/frontend/node_modules/vite/dist/node/chunks/node.js:20960:26)
    at aggregateBindingErrorsIntoJsError (file:///Users/otzua/CODE/REIATSU/frontend/node_modules/rolldown/dist/shared/error-DL-e8-oE.mjs:48:18)
    at unwrapBindingResult (file:///Users/otzua/CODE/REIATSU/frontend/node_modules/rolldown/dist/shared/error-DL-e8-oE.mjs:18:128)
    at #build (file:///Users/otzua/CODE/REIATSU/frontend/node_modules/rolldown/dist/shared/rolldown-build-DSxL8qiP.mjs:3317:34)
    at async buildEnvironment (file:///Users/otzua/CODE/REIATSU/frontend/node_modules/vite/dist/node/chunks/node.js:33018:64)
    at async Object.build (file:///Users/otzua/CODE/REIATSU/frontend/node_modules/vite/dist/node/chunks/node.js:33440:19)
    at async Object.buildApp (file:///Users/otzua/CODE/REIATSU/frontend/node_modules/vite/dist/node/chunks/node.js:33437:153)
    at async CAC.<anonymous> (file:///Users/otzua/CODE/REIATSU/frontend/node_modules/vite/dist/node/cli.js:778:3) {
  errors: [Getter/Setter]
}
