INFO:antra.core.spotify:Fetching track: https://open.spotify.com/track/4PTG3Z6ehGkBF3zI7Y9G9l
INFO:antra.core.spotify:Fetching track: https://open.spotify.com/track/0VjIj6eRzTxSgYORgZg7kx
INFO:antra.core.spotify:Fetching track: https://open.spotify.com/track/0VjIj6eRzTxSgYORgZg7kx
WARNING:spotipy.util:Your application has reached a rate/request limit. Retry will occur after: 86400 s
ERROR:spotipy.client:Max Retries reached
WARNING:antra.core.spotify:Spotify track API unavailable or credentials invalid for 0VjIj6eRzTxSgYORgZg7kx: http status: 429, code: -1 - /v1/tracks/0VjIj6eRzTxSgYORgZg7kx:
 Max Retries, reason: too many 429 error responses
INFO:antra.core.spotify:Fetching track: https://open.spotify.com/track/0VjIj6eRzTxSgYORgZg7kx
INFO:antra.core.spotify:Fetching track: https://open.spotify.com/track/0VjIj6eRzTxSgYORgZg7kx
WARNING:spotipy.util:Your application has reached a rate/request limit. Retry will occur after: 86400 s
ERROR:spotipy.client:Max Retries reached
WARNING:antra.core.spotify:Spotify track API unavailable or credentials invalid for 0VjIj6eRzTxSgYORgZg7kx: http status: 429, code: -1 - /v1/tracks/0VjIj6eRzTxSgYORgZg7kx:
 Max Retries, reason: too many 429 error responses
INFO:antra.core.spotify:Fetching track: https://open.spotify.com/track/0VjIj6eRzTxSgYORgZg7kx
WARNING:spotipy.util:Your application has reached a rate/request limit. Retry will occur after: 86400 s
ERROR:spotipy.client:Max Retries reached
WARNING:antra.core.spotify:Spotify track API unavailable or credentials invalid for 0VjIj6eRzTxSgYORgZg7kx: http status: 429, code: -1 - /v1/tracks/0VjIj6eRzTxSgYORgZg7kx:
 Max Retries, reason: too many 429 error responses
INFO:antra.core.apple_fetcher:[Apple] Detected song URL — track ID 1488408566
INFO:antra.core.engine:[1/1] Jim Sharkey — The Christmas Comet
WARNING:antra.sources.tidal_mirror:[TidalMirror] API key rejected (401) — check key on server
WARNING:antra.sources.qobuz_mirror:[QobuzMirror] API key rejected (401) — check key on server
INFO:antra.core.engine:  📥 [Downloading] [1/1] The Christmas Comet by Jim Sharkey (FLAC 24-bit)
INFO:antra.core.engine:  🔁 [Retry 2] [1/1] The Christmas Comet (FLAC 24-bit)
INFO:antra.core.engine:  🔁 [Retry 3] [1/1] The Christmas Comet (FLAC 24-bit)
WARNING:antra.core.engine:  [WARN]  Attempt 3 failed: [Amazon] All mirrors failed. Last error: API error 401
INFO:antra.core.engine:  [NEXT]  amazon failed after retries, trying next source...
WARNING:antra.sources.tidal_mirror:[TidalMirror] API key rejected (401) — check key on server
WARNING:antra.sources.qobuz_mirror:[QobuzMirror] API key rejected (401) — check key on server
WARNING:antra.core.resolver:[Resolver] No source found for: The Christmas Comet — Jim Sharkey
INFO:antra.core.apple_fetcher:[Apple] Detected song URL — track ID 1488408568
INFO:antra.core.engine:[1/1] The Weeknd — Blinding Lights
WARNING:antra.sources.tidal_mirror:[TidalMirror] API key rejected (401) — check key on server
WARNING:antra.sources.qobuz_mirror:[QobuzMirror] API key rejected (401) — check key on server
INFO:antra.core.engine:  📥 [Downloading] [1/1] Blinding Lights by The Weeknd (FLAC 24-bit)
INFO:antra.core.engine:  🔁 [Retry 2] [1/1] Blinding Lights (FLAC 24-bit)
INFO:antra.core.engine:  🔁 [Retry 3] [1/1] Blinding Lights (FLAC 24-bit)
WARNING:antra.core.engine:  [WARN]  Attempt 3 failed: [Amazon] All mirrors failed. Last error: API error 401
INFO:antra.core.engine:  [NEXT]  amazon failed after retries, trying next source...
WARNING:antra.sources.tidal_mirror:[TidalMirror] API key rejected (401) — check key on server
WARNING:antra.sources.qobuz_mirror:[QobuzMirror] API key rejected (401) — check key on server
WARNING:antra.core.resolver:[Resolver] No source found for: Blinding Lights — The Weeknd
INFO:antra.core.apple_fetcher:[Apple] Detected song URL — track ID 1488408568
INFO:antra.core.engine:[1/1] The Weeknd — Blinding Lights
WARNING:antra.sources.qobuz_mirror:[QobuzMirror] API key rejected (401) — check key on server
WARNING:antra.sources.tidal_mirror:[TidalMirror] API key rejected (401) — check key on server
INFO:antra.core.engine:  📥 [Downloading] [1/1] Blinding Lights by The Weeknd (FLAC 24-bit)
INFO:antra.core.engine:  🔁 [Retry 2] [1/1] Blinding Lights (FLAC 24-bit)
INFO:antra.core.engine:  🔁 [Retry 3] [1/1] Blinding Lights (FLAC 24-bit)
WARNING:antra.core.engine:  [WARN]  Attempt 3 failed: [Amazon] All mirrors failed. Last error: API error 401
INFO:antra.core.engine:  [NEXT]  amazon failed after retries, trying next source...
WARNING:antra.sources.tidal_mirror:[TidalMirror] API key rejected (401) — check key on server
WARNING:antra.sources.qobuz_mirror:[QobuzMirror] API key rejected (401) — check key on server
WARNING:antra.core.resolver:[Resolver] No source found for: Blinding Lights — The Weeknd
